mode: set
github.com/Azmi117/API-MONEY-SAVER.git/internal/usecase/auth_usecase.go:46.130,52.2 1 1
github.com/Azmi117/API-MONEY-SAVER.git/internal/usecase/auth_usecase.go:54.57,57.21 2 1
github.com/Azmi117/API-MONEY-SAVER.git/internal/usecase/auth_usecase.go:57.21,60.3 1 1
github.com/Azmi117/API-MONEY-SAVER.git/internal/usecase/auth_usecase.go:62.2,63.16 2 1
github.com/Azmi117/API-MONEY-SAVER.git/internal/usecase/auth_usecase.go:63.16,65.3 1 0
github.com/Azmi117/API-MONEY-SAVER.git/internal/usecase/auth_usecase.go:67.2,71.44 3 1
github.com/Azmi117/API-MONEY-SAVER.git/internal/usecase/auth_usecase.go:71.44,73.3 1 1
github.com/Azmi117/API-MONEY-SAVER.git/internal/usecase/auth_usecase.go:77.2,78.16 2 1
github.com/Azmi117/API-MONEY-SAVER.git/internal/usecase/auth_usecase.go:78.16,82.3 1 1
github.com/Azmi117/API-MONEY-SAVER.git/internal/usecase/auth_usecase.go:84.2,84.12 1 1
github.com/Azmi117/API-MONEY-SAVER.git/internal/usecase/auth_usecase.go:87.84,89.16 2 1
github.com/Azmi117/API-MONEY-SAVER.git/internal/usecase/auth_usecase.go:89.16,91.3 1 1
github.com/Azmi117/API-MONEY-SAVER.git/internal/usecase/auth_usecase.go:94.2,94.23 1 1
github.com/Azmi117/API-MONEY-SAVER.git/internal/usecase/auth_usecase.go:94.23,98.15 2 1
github.com/Azmi117/API-MONEY-SAVER.git/internal/usecase/auth_usecase.go:98.15,105.4 3 1
github.com/Azmi117/API-MONEY-SAVER.git/internal/usecase/auth_usecase.go:108.2,108.18 1 1
github.com/Azmi117/API-MONEY-SAVER.git/internal/usecase/auth_usecase.go:112.75,114.16 2 1
github.com/Azmi117/API-MONEY-SAVER.git/internal/usecase/auth_usecase.go:114.16,116.3 1 1
github.com/Azmi117/API-MONEY-SAVER.git/internal/usecase/auth_usecase.go:118.2,118.78 1 1
github.com/Azmi117/API-MONEY-SAVER.git/internal/usecase/auth_usecase.go:118.78,120.3 1 1
github.com/Azmi117/API-MONEY-SAVER.git/internal/usecase/auth_usecase.go:123.2,123.26 1 1
github.com/Azmi117/API-MONEY-SAVER.git/internal/usecase/auth_usecase.go:123.26,126.3 1 1
github.com/Azmi117/API-MONEY-SAVER.git/internal/usecase/auth_usecase.go:129.2,130.16 2 1
github.com/Azmi117/API-MONEY-SAVER.git/internal/usecase/auth_usecase.go:130.16,132.3 1 1
github.com/Azmi117/API-MONEY-SAVER.git/internal/usecase/auth_usecase.go:134.2,134.22 1 1
github.com/Azmi117/API-MONEY-SAVER.git/internal/usecase/auth_usecase.go:138.89,140.16 2 1
github.com/Azmi117/API-MONEY-SAVER.git/internal/usecase/auth_usecase.go:140.16,142.3 1 1
github.com/Azmi117/API-MONEY-SAVER.git/internal/usecase/auth_usecase.go:145.2,146.51 2 1
github.com/Azmi117/API-MONEY-SAVER.git/internal/usecase/auth_usecase.go:146.51,148.3 1 1
github.com/Azmi117/API-MONEY-SAVER.git/internal/usecase/auth_usecase.go:149.2,149.43 1 1
github.com/Azmi117/API-MONEY-SAVER.git/internal/usecase/auth_usecase.go:149.43,151.3 1 1
github.com/Azmi117/API-MONEY-SAVER.git/internal/usecase/auth_usecase.go:154.2,167.16 7 1
github.com/Azmi117/API-MONEY-SAVER.git/internal/usecase/auth_usecase.go:167.16,169.3 1 0
github.com/Azmi117/API-MONEY-SAVER.git/internal/usecase/auth_usecase.go:171.2,177.16 4 1
github.com/Azmi117/API-MONEY-SAVER.git/internal/usecase/auth_usecase.go:177.16,179.3 1 0
github.com/Azmi117/API-MONEY-SAVER.git/internal/usecase/auth_usecase.go:181.2,187.55 2 1
github.com/Azmi117/API-MONEY-SAVER.git/internal/usecase/auth_usecase.go:187.55,189.3 1 1
github.com/Azmi117/API-MONEY-SAVER.git/internal/usecase/auth_usecase.go:191.2,191.35 1 1
github.com/Azmi117/API-MONEY-SAVER.git/internal/usecase/auth_usecase.go:194.69,196.16 2 1
github.com/Azmi117/API-MONEY-SAVER.git/internal/usecase/auth_usecase.go:196.16,198.3 1 1
github.com/Azmi117/API-MONEY-SAVER.git/internal/usecase/auth_usecase.go:200.2,200.36 1 1
github.com/Azmi117/API-MONEY-SAVER.git/internal/usecase/auth_usecase.go:200.36,203.3 2 1
github.com/Azmi117/API-MONEY-SAVER.git/internal/usecase/auth_usecase.go:205.2,213.16 5 1
github.com/Azmi117/API-MONEY-SAVER.git/internal/usecase/auth_usecase.go:213.16,215.3 1 0
github.com/Azmi117/API-MONEY-SAVER.git/internal/usecase/auth_usecase.go:217.2,217.25 1 1
github.com/Azmi117/API-MONEY-SAVER.git/internal/usecase/auth_usecase.go:220.77,224.77 3 1
github.com/Azmi117/API-MONEY-SAVER.git/internal/usecase/auth_usecase.go:224.77,226.3 1 1
github.com/Azmi117/API-MONEY-SAVER.git/internal/usecase/auth_usecase.go:228.2,229.18 2 1
github.com/Azmi117/API-MONEY-SAVER.git/internal/usecase/auth_usecase.go:229.18,230.53 1 1
github.com/Azmi117/API-MONEY-SAVER.git/internal/usecase/auth_usecase.go:230.53,231.50 1 1
github.com/Azmi117/API-MONEY-SAVER.git/internal/usecase/auth_usecase.go:231.50,233.5 1 1
github.com/Azmi117/API-MONEY-SAVER.git/internal/usecase/auth_usecase.go:237.2,242.43 2 1
github.com/Azmi117/API-MONEY-SAVER.git/internal/usecase/auth_usecase.go:245.55,250.19 4 1
github.com/Azmi117/API-MONEY-SAVER.git/internal/usecase/auth_usecase.go:250.19,252.3 1 1
github.com/Azmi117/API-MONEY-SAVER.git/internal/usecase/auth_usecase.go:253.2,253.18 1 1
github.com/Azmi117/API-MONEY-SAVER.git/internal/usecase/auth_usecase.go:256.71,261.16 4 1
github.com/Azmi117/API-MONEY-SAVER.git/internal/usecase/auth_usecase.go:261.16,263.3 1 1
github.com/Azmi117/API-MONEY-SAVER.git/internal/usecase/auth_usecase.go:265.2,265.18 1 1
github.com/Azmi117/API-MONEY-SAVER.git/internal/usecase/auth_usecase.go:268.82,270.16 2 1
github.com/Azmi117/API-MONEY-SAVER.git/internal/usecase/auth_usecase.go:270.16,272.3 1 1
github.com/Azmi117/API-MONEY-SAVER.git/internal/usecase/auth_usecase.go:274.2,275.55 2 1
github.com/Azmi117/API-MONEY-SAVER.git/internal/usecase/auth_usecase.go:275.55,277.3 1 1
github.com/Azmi117/API-MONEY-SAVER.git/internal/usecase/auth_usecase.go:279.2,280.16 2 1
github.com/Azmi117/API-MONEY-SAVER.git/internal/usecase/auth_usecase.go:280.16,282.3 1 1
github.com/Azmi117/API-MONEY-SAVER.git/internal/usecase/auth_usecase.go:284.2,284.12 1 1
github.com/Azmi117/API-MONEY-SAVER.git/internal/usecase/auth_usecase.go:287.27,291.2 3 1
github.com/Azmi117/API-MONEY-SAVER.git/internal/usecase/auth_usecase.go:294.88,297.22 2 1
github.com/Azmi117/API-MONEY-SAVER.git/internal/usecase/auth_usecase.go:297.22,298.53 1 1
github.com/Azmi117/API-MONEY-SAVER.git/internal/usecase/auth_usecase.go:298.53,300.4 1 1
github.com/Azmi117/API-MONEY-SAVER.git/internal/usecase/auth_usecase.go:304.2,312.50 3 1
github.com/Azmi117/API-MONEY-SAVER.git/internal/usecase/auth_usecase.go:312.50,314.3 1 1
github.com/Azmi117/API-MONEY-SAVER.git/internal/usecase/auth_usecase.go:317.2,317.12 1 1
github.com/Azmi117/API-MONEY-SAVER.git/internal/usecase/auth_usecase.go:317.12,320.63 3 1
github.com/Azmi117/API-MONEY-SAVER.git/internal/usecase/auth_usecase.go:320.63,322.4 1 1
github.com/Azmi117/API-MONEY-SAVER.git/internal/usecase/auth_usecase.go:325.2,325.12 1 1
github.com/Azmi117/API-MONEY-SAVER.git/internal/usecase/auth_usecase.go:329.74,331.16 2 1
github.com/Azmi117/API-MONEY-SAVER.git/internal/usecase/auth_usecase.go:331.16,333.3 1 1
github.com/Azmi117/API-MONEY-SAVER.git/internal/usecase/auth_usecase.go:335.2,336.51 2 1
github.com/Azmi117/API-MONEY-SAVER.git/internal/usecase/auth_usecase.go:336.51,338.3 1 1
github.com/Azmi117/API-MONEY-SAVER.git/internal/usecase/auth_usecase.go:339.2,339.43 1 1
github.com/Azmi117/API-MONEY-SAVER.git/internal/usecase/auth_usecase.go:339.43,341.3 1 1
github.com/Azmi117/API-MONEY-SAVER.git/internal/usecase/auth_usecase.go:344.2,347.12 3 1
github.com/Azmi117/API-MONEY-SAVER.git/internal/usecase/auth_usecase.go:350.74,352.16 2 1
github.com/Azmi117/API-MONEY-SAVER.git/internal/usecase/auth_usecase.go:352.16,355.3 1 1
github.com/Azmi117/API-MONEY-SAVER.git/internal/usecase/auth_usecase.go:357.2,357.18 1 1
github.com/Azmi117/API-MONEY-SAVER.git/internal/usecase/auth_usecase.go:360.83,364.35 2 1
github.com/Azmi117/API-MONEY-SAVER.git/internal/usecase/auth_usecase.go:364.35,372.60 2 1
github.com/Azmi117/API-MONEY-SAVER.git/internal/usecase/auth_usecase.go:372.60,374.4 1 1
github.com/Azmi117/API-MONEY-SAVER.git/internal/usecase/auth_usecase.go:375.3,375.21 1 1
github.com/Azmi117/API-MONEY-SAVER.git/internal/usecase/auth_usecase.go:376.8,376.33 1 1
github.com/Azmi117/API-MONEY-SAVER.git/internal/usecase/auth_usecase.go:376.33,381.3 2 1
github.com/Azmi117/API-MONEY-SAVER.git/internal/usecase/auth_usecase.go:384.2,393.16 6 1
github.com/Azmi117/API-MONEY-SAVER.git/internal/usecase/auth_usecase.go:393.16,395.3 1 0
github.com/Azmi117/API-MONEY-SAVER.git/internal/usecase/auth_usecase.go:397.2,403.16 4 1
github.com/Azmi117/API-MONEY-SAVER.git/internal/usecase/auth_usecase.go:403.16,405.3 1 0
github.com/Azmi117/API-MONEY-SAVER.git/internal/usecase/auth_usecase.go:407.2,413.55 2 1
github.com/Azmi117/API-MONEY-SAVER.git/internal/usecase/auth_usecase.go:413.55,415.3 1 1
github.com/Azmi117/API-MONEY-SAVER.git/internal/usecase/auth_usecase.go:417.2,417.35 1 1
github.com/Azmi117/API-MONEY-SAVER.git/internal/usecase/auth_usecase.go:421.65,423.16 2 1
github.com/Azmi117/API-MONEY-SAVER.git/internal/usecase/auth_usecase.go:423.16,426.3 1 1
github.com/Azmi117/API-MONEY-SAVER.git/internal/usecase/auth_usecase.go:429.2,429.66 1 1
github.com/Azmi117/API-MONEY-SAVER.git/internal/usecase/auth_usecase.go:433.90,435.16 2 1
github.com/Azmi117/API-MONEY-SAVER.git/internal/usecase/auth_usecase.go:435.16,437.3 1 1
github.com/Azmi117/API-MONEY-SAVER.git/internal/usecase/auth_usecase.go:440.2,441.51 2 1
github.com/Azmi117/API-MONEY-SAVER.git/internal/usecase/auth_usecase.go:441.51,443.3 1 1
github.com/Azmi117/API-MONEY-SAVER.git/internal/usecase/auth_usecase.go:444.2,444.43 1 1
github.com/Azmi117/API-MONEY-SAVER.git/internal/usecase/auth_usecase.go:444.43,446.3 1 1
github.com/Azmi117/API-MONEY-SAVER.git/internal/usecase/auth_usecase.go:449.2,450.16 2 1
github.com/Azmi117/API-MONEY-SAVER.git/internal/usecase/auth_usecase.go:450.16,452.3 1 0
github.com/Azmi117/API-MONEY-SAVER.git/internal/usecase/auth_usecase.go:455.2,456.44 2 1
github.com/Azmi117/API-MONEY-SAVER.git/internal/usecase/auth_usecase.go:456.44,458.3 1 1
github.com/Azmi117/API-MONEY-SAVER.git/internal/usecase/auth_usecase.go:461.2,463.12 2 1
github.com/Azmi117/API-MONEY-SAVER.git/internal/usecase/auth_usecase.go:466.84,467.16 1 1
github.com/Azmi117/API-MONEY-SAVER.git/internal/usecase/auth_usecase.go:467.16,469.3 1 1
github.com/Azmi117/API-MONEY-SAVER.git/internal/usecase/auth_usecase.go:471.2,471.51 1 1
github.com/Azmi117/API-MONEY-SAVER.git/internal/usecase/debt_usecase.go:28.110,33.2 1 1
github.com/Azmi117/API-MONEY-SAVER.git/internal/usecase/debt_usecase.go:35.81,37.6 2 1
github.com/Azmi117/API-MONEY-SAVER.git/internal/usecase/debt_usecase.go:37.6,40.26 3 1
github.com/Azmi117/API-MONEY-SAVER.git/internal/usecase/debt_usecase.go:40.26,42.4 1 1
github.com/Azmi117/API-MONEY-SAVER.git/internal/usecase/debt_usecase.go:44.3,46.17 3 1
github.com/Azmi117/API-MONEY-SAVER.git/internal/usecase/debt_usecase.go:46.17,48.4 1 1
github.com/Azmi117/API-MONEY-SAVER.git/internal/usecase/debt_usecase.go:49.3,49.14 1 1
github.com/Azmi117/API-MONEY-SAVER.git/internal/usecase/debt_usecase.go:49.14,51.4 1 1
github.com/Azmi117/API-MONEY-SAVER.git/internal/usecase/debt_usecase.go:55.103,57.16 2 1
github.com/Azmi117/API-MONEY-SAVER.git/internal/usecase/debt_usecase.go:57.16,59.3 1 1
github.com/Azmi117/API-MONEY-SAVER.git/internal/usecase/debt_usecase.go:60.2,60.19 1 1
github.com/Azmi117/API-MONEY-SAVER.git/internal/usecase/debt_usecase.go:63.119,66.16 2 1
github.com/Azmi117/API-MONEY-SAVER.git/internal/usecase/debt_usecase.go:66.16,68.3 1 1
github.com/Azmi117/API-MONEY-SAVER.git/internal/usecase/debt_usecase.go:71.2,71.87 1 1
github.com/Azmi117/API-MONEY-SAVER.git/internal/usecase/debt_usecase.go:71.87,73.3 1 1
github.com/Azmi117/API-MONEY-SAVER.git/internal/usecase/debt_usecase.go:76.2,76.47 1 1
github.com/Azmi117/API-MONEY-SAVER.git/internal/usecase/debt_usecase.go:79.116,82.70 2 1
github.com/Azmi117/API-MONEY-SAVER.git/internal/usecase/debt_usecase.go:82.70,84.3 1 1
github.com/Azmi117/API-MONEY-SAVER.git/internal/usecase/debt_usecase.go:86.2,87.57 2 1
github.com/Azmi117/API-MONEY-SAVER.git/internal/usecase/debt_usecase.go:87.57,90.3 2 1
github.com/Azmi117/API-MONEY-SAVER.git/internal/usecase/debt_usecase.go:92.2,96.30 4 1
github.com/Azmi117/API-MONEY-SAVER.git/internal/usecase/debt_usecase.go:96.30,103.14 5 1
github.com/Azmi117/API-MONEY-SAVER.git/internal/usecase/debt_usecase.go:103.14,105.4 1 1
github.com/Azmi117/API-MONEY-SAVER.git/internal/usecase/debt_usecase.go:107.3,107.38 1 1
github.com/Azmi117/API-MONEY-SAVER.git/internal/usecase/debt_usecase.go:107.38,110.4 1 1
github.com/Azmi117/API-MONEY-SAVER.git/internal/usecase/debt_usecase.go:112.3,112.40 1 1
github.com/Azmi117/API-MONEY-SAVER.git/internal/usecase/debt_usecase.go:112.40,114.4 1 1
github.com/Azmi117/API-MONEY-SAVER.git/internal/usecase/debt_usecase.go:117.2,117.48 1 1
github.com/Azmi117/API-MONEY-SAVER.git/internal/usecase/debt_usecase.go:117.48,120.3 1 1
github.com/Azmi117/API-MONEY-SAVER.git/internal/usecase/debt_usecase.go:122.2,122.24 1 1
github.com/Azmi117/API-MONEY-SAVER.git/internal/usecase/debt_usecase.go:122.24,124.52 2 1
github.com/Azmi117/API-MONEY-SAVER.git/internal/usecase/debt_usecase.go:124.52,127.18 2 1
github.com/Azmi117/API-MONEY-SAVER.git/internal/usecase/debt_usecase.go:127.18,129.5 1 1
github.com/Azmi117/API-MONEY-SAVER.git/internal/usecase/debt_usecase.go:131.4,139.6 1 1
github.com/Azmi117/API-MONEY-SAVER.git/internal/usecase/debt_usecase.go:141.3,141.47 1 1
github.com/Azmi117/API-MONEY-SAVER.git/internal/usecase/debt_usecase.go:144.2,144.12 1 1
github.com/Azmi117/API-MONEY-SAVER.git/internal/usecase/debt_usecase.go:147.87,149.16 2 1
github.com/Azmi117/API-MONEY-SAVER.git/internal/usecase/debt_usecase.go:149.16,151.3 1 1
github.com/Azmi117/API-MONEY-SAVER.git/internal/usecase/debt_usecase.go:154.2,154.31 1 1
github.com/Azmi117/API-MONEY-SAVER.git/internal/usecase/debt_usecase.go:154.31,156.3 1 1
github.com/Azmi117/API-MONEY-SAVER.git/internal/usecase/debt_usecase.go:158.2,158.17 1 1
github.com/Azmi117/API-MONEY-SAVER.git/internal/usecase/debt_usecase.go:158.17,160.3 1 1
github.com/Azmi117/API-MONEY-SAVER.git/internal/usecase/debt_usecase.go:162.2,163.16 2 1
github.com/Azmi117/API-MONEY-SAVER.git/internal/usecase/debt_usecase.go:163.16,165.3 1 1
github.com/Azmi117/API-MONEY-SAVER.git/internal/usecase/debt_usecase.go:167.2,167.12 1 1
github.com/Azmi117/API-MONEY-SAVER.git/internal/usecase/integration_usecase.go:31.22,37.2 1 0
github.com/Azmi117/API-MONEY-SAVER.git/internal/usecase/integration_usecase.go:39.79,41.16 2 0
github.com/Azmi117/API-MONEY-SAVER.git/internal/usecase/integration_usecase.go:41.16,44.3 2 0
github.com/Azmi117/API-MONEY-SAVER.git/internal/usecase/integration_usecase.go:46.2,46.29 1 0
github.com/Azmi117/API-MONEY-SAVER.git/internal/usecase/integration_usecase.go:46.29,48.17 2 0
github.com/Azmi117/API-MONEY-SAVER.git/internal/usecase/integration_usecase.go:48.17,49.12 1 0
github.com/Azmi117/API-MONEY-SAVER.git/internal/usecase/integration_usecase.go:52.3,54.17 3 0
github.com/Azmi117/API-MONEY-SAVER.git/internal/usecase/integration_usecase.go:54.17,55.12 1 0
github.com/Azmi117/API-MONEY-SAVER.git/internal/usecase/integration_usecase.go:58.3,58.34 1 0
github.com/Azmi117/API-MONEY-SAVER.git/internal/usecase/integration_usecase.go:58.34,60.26 2 0
github.com/Azmi117/API-MONEY-SAVER.git/internal/usecase/integration_usecase.go:60.26,61.13 1 0
github.com/Azmi117/API-MONEY-SAVER.git/internal/usecase/integration_usecase.go:64.4,65.18 2 0
github.com/Azmi117/API-MONEY-SAVER.git/internal/usecase/integration_usecase.go:65.18,66.13 1 0
github.com/Azmi117/API-MONEY-SAVER.git/internal/usecase/integration_usecase.go:69.4,70.46 2 0
github.com/Azmi117/API-MONEY-SAVER.git/internal/usecase/integration_usecase.go:70.46,71.28 1 0
github.com/Azmi117/API-MONEY-SAVER.git/internal/usecase/integration_usecase.go:71.28,73.6 1 0
github.com/Azmi117/API-MONEY-SAVER.git/internal/usecase/integration_usecase.go:76.4,87.21 4 0
github.com/Azmi117/API-MONEY-SAVER.git/internal/usecase/integration_usecase.go:87.21,94.5 6 0
github.com/Azmi117/API-MONEY-SAVER.git/internal/usecase/integration_usecase.go:96.4,96.41 1 0
github.com/Azmi117/API-MONEY-SAVER.git/internal/usecase/integration_usecase.go:99.2,99.12 1 0
github.com/Azmi117/API-MONEY-SAVER.git/internal/usecase/integration_usecase.go:102.73,104.29 2 0
github.com/Azmi117/API-MONEY-SAVER.git/internal/usecase/integration_usecase.go:104.29,106.3 1 0
github.com/Azmi117/API-MONEY-SAVER.git/internal/usecase/integration_usecase.go:106.8,107.38 1 0
github.com/Azmi117/API-MONEY-SAVER.git/internal/usecase/integration_usecase.go:107.38,108.69 1 0
github.com/Azmi117/API-MONEY-SAVER.git/internal/usecase/integration_usecase.go:108.69,110.10 2 0
github.com/Azmi117/API-MONEY-SAVER.git/internal/usecase/integration_usecase.go:112.4,112.27 1 0
github.com/Azmi117/API-MONEY-SAVER.git/internal/usecase/integration_usecase.go:112.27,114.19 2 0
github.com/Azmi117/API-MONEY-SAVER.git/internal/usecase/integration_usecase.go:114.19,115.11 1 0
github.com/Azmi117/API-MONEY-SAVER.git/internal/usecase/integration_usecase.go:121.2,122.24 2 0
github.com/Azmi117/API-MONEY-SAVER.git/internal/usecase/integration_usecase.go:125.160,127.19 2 0
github.com/Azmi117/API-MONEY-SAVER.git/internal/usecase/integration_usecase.go:127.19,129.3 1 0
github.com/Azmi117/API-MONEY-SAVER.git/internal/usecase/integration_usecase.go:131.2,142.44 2 0
github.com/Azmi117/API-MONEY-SAVER.git/internal/usecase/integration_usecase.go:142.44,144.3 1 0
github.com/Azmi117/API-MONEY-SAVER.git/internal/usecase/integration_usecase.go:145.2,145.16 1 0
github.com/Azmi117/API-MONEY-SAVER.git/internal/usecase/pending_usecase.go:40.18,48.2 1 1
github.com/Azmi117/API-MONEY-SAVER.git/internal/usecase/pending_usecase.go:53.129,64.56 2 1
github.com/Azmi117/API-MONEY-SAVER.git/internal/usecase/pending_usecase.go:64.56,66.3 1 1
github.com/Azmi117/API-MONEY-SAVER.git/internal/usecase/pending_usecase.go:68.2,68.26 1 1
github.com/Azmi117/API-MONEY-SAVER.git/internal/usecase/pending_usecase.go:71.124,73.16 2 1
github.com/Azmi117/API-MONEY-SAVER.git/internal/usecase/pending_usecase.go:73.16,75.3 1 1
github.com/Azmi117/API-MONEY-SAVER.git/internal/usecase/pending_usecase.go:77.2,78.73 2 1
github.com/Azmi117/API-MONEY-SAVER.git/internal/usecase/pending_usecase.go:78.73,80.3 1 1
github.com/Azmi117/API-MONEY-SAVER.git/internal/usecase/pending_usecase.go:82.2,84.57 2 1
github.com/Azmi117/API-MONEY-SAVER.git/internal/usecase/pending_usecase.go:84.57,86.72 2 1
github.com/Azmi117/API-MONEY-SAVER.git/internal/usecase/pending_usecase.go:86.72,88.4 1 1
github.com/Azmi117/API-MONEY-SAVER.git/internal/usecase/pending_usecase.go:92.2,93.16 2 1
github.com/Azmi117/API-MONEY-SAVER.git/internal/usecase/pending_usecase.go:93.16,95.3 1 1
github.com/Azmi117/API-MONEY-SAVER.git/internal/usecase/pending_usecase.go:97.2,97.74 1 1
github.com/Azmi117/API-MONEY-SAVER.git/internal/usecase/pending_usecase.go:97.74,99.3 1 1
github.com/Azmi117/API-MONEY-SAVER.git/internal/usecase/pending_usecase.go:102.2,102.29 1 1
github.com/Azmi117/API-MONEY-SAVER.git/internal/usecase/pending_usecase.go:102.29,104.3 1 1
github.com/Azmi117/API-MONEY-SAVER.git/internal/usecase/pending_usecase.go:106.2,106.24 1 1
github.com/Azmi117/API-MONEY-SAVER.git/internal/usecase/pending_usecase.go:112.89,114.2 1 1
github.com/Azmi117/API-MONEY-SAVER.git/internal/usecase/pending_usecase.go:116.94,118.16 2 1
github.com/Azmi117/API-MONEY-SAVER.git/internal/usecase/pending_usecase.go:118.16,120.3 1 1
github.com/Azmi117/API-MONEY-SAVER.git/internal/usecase/pending_usecase.go:122.2,122.30 1 1
github.com/Azmi117/API-MONEY-SAVER.git/internal/usecase/pending_usecase.go:122.30,124.3 1 1
github.com/Azmi117/API-MONEY-SAVER.git/internal/usecase/pending_usecase.go:126.2,126.33 1 1
github.com/Azmi117/API-MONEY-SAVER.git/internal/usecase/pending_usecase.go:126.33,128.3 1 1
github.com/Azmi117/API-MONEY-SAVER.git/internal/usecase/pending_usecase.go:130.2,144.44 2 1
github.com/Azmi117/API-MONEY-SAVER.git/internal/usecase/pending_usecase.go:144.44,146.3 1 1
github.com/Azmi117/API-MONEY-SAVER.git/internal/usecase/pending_usecase.go:148.2,148.56 1 1
github.com/Azmi117/API-MONEY-SAVER.git/internal/usecase/pending_usecase.go:151.93,153.16 2 1
github.com/Azmi117/API-MONEY-SAVER.git/internal/usecase/pending_usecase.go:153.16,155.3 1 1
github.com/Azmi117/API-MONEY-SAVER.git/internal/usecase/pending_usecase.go:157.2,157.30 1 1
github.com/Azmi117/API-MONEY-SAVER.git/internal/usecase/pending_usecase.go:157.30,159.3 1 1
github.com/Azmi117/API-MONEY-SAVER.git/internal/usecase/pending_usecase.go:161.2,161.57 1 1
github.com/Azmi117/API-MONEY-SAVER.git/internal/usecase/pending_usecase.go:164.148,166.16 2 1
github.com/Azmi117/API-MONEY-SAVER.git/internal/usecase/pending_usecase.go:166.16,168.3 1 1
github.com/Azmi117/API-MONEY-SAVER.git/internal/usecase/pending_usecase.go:170.2,182.56 2 1
github.com/Azmi117/API-MONEY-SAVER.git/internal/usecase/pending_usecase.go:182.56,184.3 1 1
github.com/Azmi117/API-MONEY-SAVER.git/internal/usecase/pending_usecase.go:186.2,190.16 3 1
github.com/Azmi117/API-MONEY-SAVER.git/internal/usecase/pending_usecase.go:190.16,193.3 2 1
github.com/Azmi117/API-MONEY-SAVER.git/internal/usecase/pending_usecase.go:195.2,195.24 1 1
github.com/Azmi117/API-MONEY-SAVER.git/internal/usecase/pending_usecase.go:198.132,201.2 1 1
github.com/Azmi117/API-MONEY-SAVER.git/internal/usecase/target_usecase.go:25.118,30.2 1 1
github.com/Azmi117/API-MONEY-SAVER.git/internal/usecase/target_usecase.go:33.83,36.33 3 1
github.com/Azmi117/API-MONEY-SAVER.git/internal/usecase/target_usecase.go:36.33,39.3 2 1
github.com/Azmi117/API-MONEY-SAVER.git/internal/usecase/target_usecase.go:40.2,40.12 1 1
github.com/Azmi117/API-MONEY-SAVER.git/internal/usecase/target_usecase.go:44.99,48.16 3 1
github.com/Azmi117/API-MONEY-SAVER.git/internal/usecase/target_usecase.go:48.16,50.3 1 1
github.com/Azmi117/API-MONEY-SAVER.git/internal/usecase/target_usecase.go:52.2,56.37 4 1
github.com/Azmi117/API-MONEY-SAVER.git/internal/usecase/target_usecase.go:56.37,58.3 1 1
github.com/Azmi117/API-MONEY-SAVER.git/internal/usecase/target_usecase.go:60.2,66.8 1 1
github.com/Azmi117/API-MONEY-SAVER.git/internal/usecase/target_usecase.go:69.67,78.2 2 1
github.com/Azmi117/API-MONEY-SAVER.git/internal/usecase/transaction_usecase.go:66.22,78.2 1 1
github.com/Azmi117/API-MONEY-SAVER.git/internal/usecase/transaction_usecase.go:80.167,85.16 3 1
github.com/Azmi117/API-MONEY-SAVER.git/internal/usecase/transaction_usecase.go:85.16,87.3 1 1
github.com/Azmi117/API-MONEY-SAVER.git/internal/usecase/transaction_usecase.go:88.2,88.15 1 1
github.com/Azmi117/API-MONEY-SAVER.git/internal/usecase/transaction_usecase.go:88.15,90.3 1 1
github.com/Azmi117/API-MONEY-SAVER.git/internal/usecase/transaction_usecase.go:93.2,94.16 2 1
github.com/Azmi117/API-MONEY-SAVER.git/internal/usecase/transaction_usecase.go:94.16,96.3 1 1
github.com/Azmi117/API-MONEY-SAVER.git/internal/usecase/transaction_usecase.go:97.2,97.17 1 1
github.com/Azmi117/API-MONEY-SAVER.git/internal/usecase/transaction_usecase.go:97.17,99.3 1 1
github.com/Azmi117/API-MONEY-SAVER.git/internal/usecase/transaction_usecase.go:102.2,103.51 2 1
github.com/Azmi117/API-MONEY-SAVER.git/internal/usecase/transaction_usecase.go:103.51,106.69 3 1
github.com/Azmi117/API-MONEY-SAVER.git/internal/usecase/transaction_usecase.go:106.69,108.4 1 1
github.com/Azmi117/API-MONEY-SAVER.git/internal/usecase/transaction_usecase.go:112.2,113.23 2 1
github.com/Azmi117/API-MONEY-SAVER.git/internal/usecase/transaction_usecase.go:113.23,115.3 1 1
github.com/Azmi117/API-MONEY-SAVER.git/internal/usecase/transaction_usecase.go:118.2,134.42 2 1
github.com/Azmi117/API-MONEY-SAVER.git/internal/usecase/transaction_usecase.go:134.42,136.3 1 1
github.com/Azmi117/API-MONEY-SAVER.git/internal/usecase/transaction_usecase.go:139.2,139.25 1 1
github.com/Azmi117/API-MONEY-SAVER.git/internal/usecase/transaction_usecase.go:139.25,141.3 1 1
github.com/Azmi117/API-MONEY-SAVER.git/internal/usecase/transaction_usecase.go:144.2,145.16 2 1
github.com/Azmi117/API-MONEY-SAVER.git/internal/usecase/transaction_usecase.go:145.16,148.3 2 1
github.com/Azmi117/API-MONEY-SAVER.git/internal/usecase/transaction_usecase.go:150.2,150.28 1 1
github.com/Azmi117/API-MONEY-SAVER.git/internal/usecase/transaction_usecase.go:153.178,155.16 2 1
github.com/Azmi117/API-MONEY-SAVER.git/internal/usecase/transaction_usecase.go:155.16,157.3 1 1
github.com/Azmi117/API-MONEY-SAVER.git/internal/usecase/transaction_usecase.go:159.2,159.51 1 1
github.com/Azmi117/API-MONEY-SAVER.git/internal/usecase/transaction_usecase.go:159.51,161.3 1 0
github.com/Azmi117/API-MONEY-SAVER.git/internal/usecase/transaction_usecase.go:163.2,164.33 2 1
github.com/Azmi117/API-MONEY-SAVER.git/internal/usecase/transaction_usecase.go:164.33,168.20 3 1
github.com/Azmi117/API-MONEY-SAVER.git/internal/usecase/transaction_usecase.go:168.20,171.4 2 1
github.com/Azmi117/API-MONEY-SAVER.git/internal/usecase/transaction_usecase.go:172.3,172.121 1 1
github.com/Azmi117/API-MONEY-SAVER.git/internal/usecase/transaction_usecase.go:175.2,176.16 2 0
github.com/Azmi117/API-MONEY-SAVER.git/internal/usecase/transaction_usecase.go:176.16,178.3 1 0
github.com/Azmi117/API-MONEY-SAVER.git/internal/usecase/transaction_usecase.go:180.2,182.42 3 0
github.com/Azmi117/API-MONEY-SAVER.git/internal/usecase/transaction_usecase.go:182.42,184.34 2 0
github.com/Azmi117/API-MONEY-SAVER.git/internal/usecase/transaction_usecase.go:184.34,185.71 1 0
github.com/Azmi117/API-MONEY-SAVER.git/internal/usecase/transaction_usecase.go:185.71,187.10 2 0
github.com/Azmi117/API-MONEY-SAVER.git/internal/usecase/transaction_usecase.go:192.2,207.36 2 0
github.com/Azmi117/API-MONEY-SAVER.git/internal/usecase/transaction_usecase.go:207.36,214.3 1 0
github.com/Azmi117/API-MONEY-SAVER.git/internal/usecase/transaction_usecase.go:216.2,225.54 3 0
github.com/Azmi117/API-MONEY-SAVER.git/internal/usecase/transaction_usecase.go:225.54,227.3 1 0
github.com/Azmi117/API-MONEY-SAVER.git/internal/usecase/transaction_usecase.go:229.2,236.20 2 0
github.com/Azmi117/API-MONEY-SAVER.git/internal/usecase/transaction_usecase.go:239.59,240.31 1 1
github.com/Azmi117/API-MONEY-SAVER.git/internal/usecase/transaction_usecase.go:241.18,242.12 1 1
github.com/Azmi117/API-MONEY-SAVER.git/internal/usecase/transaction_usecase.go:243.13,244.12 1 1
github.com/Azmi117/API-MONEY-SAVER.git/internal/usecase/transaction_usecase.go:245.10,246.11 1 1
github.com/Azmi117/API-MONEY-SAVER.git/internal/usecase/transaction_usecase.go:250.74,252.34 2 1
github.com/Azmi117/API-MONEY-SAVER.git/internal/usecase/transaction_usecase.go:252.34,255.3 2 0
github.com/Azmi117/API-MONEY-SAVER.git/internal/usecase/transaction_usecase.go:257.2,257.49 1 1
github.com/Azmi117/API-MONEY-SAVER.git/internal/usecase/transaction_usecase.go:257.49,261.3 3 0
github.com/Azmi117/API-MONEY-SAVER.git/internal/usecase/transaction_usecase.go:262.2,262.12 1 1
github.com/Azmi117/API-MONEY-SAVER.git/internal/usecase/transaction_usecase.go:265.177,267.34 2 1
github.com/Azmi117/API-MONEY-SAVER.git/internal/usecase/transaction_usecase.go:267.34,269.3 1 1
github.com/Azmi117/API-MONEY-SAVER.git/internal/usecase/transaction_usecase.go:271.2,271.35 1 1
github.com/Azmi117/API-MONEY-SAVER.git/internal/usecase/transaction_usecase.go:271.35,273.3 1 1
github.com/Azmi117/API-MONEY-SAVER.git/internal/usecase/transaction_usecase.go:275.2,276.69 2 1
github.com/Azmi117/API-MONEY-SAVER.git/internal/usecase/transaction_usecase.go:276.69,278.3 1 1
github.com/Azmi117/API-MONEY-SAVER.git/internal/usecase/transaction_usecase.go:281.2,282.16 2 1
github.com/Azmi117/API-MONEY-SAVER.git/internal/usecase/transaction_usecase.go:282.16,284.3 1 1
github.com/Azmi117/API-MONEY-SAVER.git/internal/usecase/transaction_usecase.go:286.2,297.31 10 1
github.com/Azmi117/API-MONEY-SAVER.git/internal/usecase/transaction_usecase.go:297.31,304.3 1 1
github.com/Azmi117/API-MONEY-SAVER.git/internal/usecase/transaction_usecase.go:305.2,308.34 2 1
github.com/Azmi117/API-MONEY-SAVER.git/internal/usecase/transaction_usecase.go:308.34,309.53 1 1
github.com/Azmi117/API-MONEY-SAVER.git/internal/usecase/transaction_usecase.go:309.53,311.4 1 1
github.com/Azmi117/API-MONEY-SAVER.git/internal/usecase/transaction_usecase.go:312.8,313.44 1 1
github.com/Azmi117/API-MONEY-SAVER.git/internal/usecase/transaction_usecase.go:313.44,315.4 1 1
github.com/Azmi117/API-MONEY-SAVER.git/internal/usecase/transaction_usecase.go:318.2,320.25 2 1
github.com/Azmi117/API-MONEY-SAVER.git/internal/usecase/transaction_usecase.go:320.25,322.3 1 0
github.com/Azmi117/API-MONEY-SAVER.git/internal/usecase/transaction_usecase.go:324.2,326.29 2 1
github.com/Azmi117/API-MONEY-SAVER.git/internal/usecase/transaction_usecase.go:329.117,331.2 1 1
github.com/Azmi117/API-MONEY-SAVER.git/internal/usecase/transaction_usecase.go:333.108,335.60 2 1
github.com/Azmi117/API-MONEY-SAVER.git/internal/usecase/transaction_usecase.go:335.60,337.3 1 1
github.com/Azmi117/API-MONEY-SAVER.git/internal/usecase/transaction_usecase.go:340.2,340.25 1 1
github.com/Azmi117/API-MONEY-SAVER.git/internal/usecase/transaction_usecase.go:340.25,342.3 1 1
github.com/Azmi117/API-MONEY-SAVER.git/internal/usecase/transaction_usecase.go:344.2,344.37 1 1
github.com/Azmi117/API-MONEY-SAVER.git/internal/usecase/transaction_usecase.go:347.67,349.2 1 1
github.com/Azmi117/API-MONEY-SAVER.git/internal/usecase/transaction_usecase.go:351.93,353.2 1 1
github.com/Azmi117/API-MONEY-SAVER.git/internal/usecase/transaction_usecase.go:355.167,357.16 2 1
github.com/Azmi117/API-MONEY-SAVER.git/internal/usecase/transaction_usecase.go:357.16,359.3 1 0
github.com/Azmi117/API-MONEY-SAVER.git/internal/usecase/transaction_usecase.go:361.2,362.33 2 1
github.com/Azmi117/API-MONEY-SAVER.git/internal/usecase/transaction_usecase.go:362.33,364.3 1 1
github.com/Azmi117/API-MONEY-SAVER.git/internal/usecase/transaction_usecase.go:366.2,367.16 2 0
github.com/Azmi117/API-MONEY-SAVER.git/internal/usecase/transaction_usecase.go:367.16,369.3 1 0
github.com/Azmi117/API-MONEY-SAVER.git/internal/usecase/transaction_usecase.go:371.2,396.53 5 0
github.com/Azmi117/API-MONEY-SAVER.git/internal/usecase/transaction_usecase.go:396.53,398.3 1 0
github.com/Azmi117/API-MONEY-SAVER.git/internal/usecase/transaction_usecase.go:400.2,405.20 2 0
github.com/Azmi117/API-MONEY-SAVER.git/internal/usecase/transaction_usecase.go:408.169,411.55 2 1
github.com/Azmi117/API-MONEY-SAVER.git/internal/usecase/transaction_usecase.go:411.55,413.3 1 1
github.com/Azmi117/API-MONEY-SAVER.git/internal/usecase/transaction_usecase.go:415.2,415.29 1 1
github.com/Azmi117/API-MONEY-SAVER.git/internal/usecase/transaction_usecase.go:415.29,417.3 1 1
github.com/Azmi117/API-MONEY-SAVER.git/internal/usecase/transaction_usecase.go:419.2,420.16 2 1
github.com/Azmi117/API-MONEY-SAVER.git/internal/usecase/transaction_usecase.go:420.16,423.3 2 1
github.com/Azmi117/API-MONEY-SAVER.git/internal/usecase/transaction_usecase.go:425.2,425.24 1 1
github.com/Azmi117/API-MONEY-SAVER.git/internal/usecase/transaction_usecase.go:428.108,434.14 4 1
github.com/Azmi117/API-MONEY-SAVER.git/internal/usecase/transaction_usecase.go:434.14,436.3 1 1
github.com/Azmi117/API-MONEY-SAVER.git/internal/usecase/transaction_usecase.go:437.2,437.15 1 1
github.com/Azmi117/API-MONEY-SAVER.git/internal/usecase/transaction_usecase.go:437.15,439.3 1 1
github.com/Azmi117/API-MONEY-SAVER.git/internal/usecase/transaction_usecase.go:441.2,441.26 1 1
github.com/Azmi117/API-MONEY-SAVER.git/internal/usecase/transaction_usecase.go:444.64,448.17 3 1
github.com/Azmi117/API-MONEY-SAVER.git/internal/usecase/transaction_usecase.go:448.17,451.3 2 1
github.com/Azmi117/API-MONEY-SAVER.git/internal/usecase/transaction_usecase.go:452.2,452.10 1 1
github.com/Azmi117/API-MONEY-SAVER.git/internal/usecase/transaction_usecase.go:455.128,458.16 2 1
github.com/Azmi117/API-MONEY-SAVER.git/internal/usecase/transaction_usecase.go:458.16,460.3 1 1
github.com/Azmi117/API-MONEY-SAVER.git/internal/usecase/transaction_usecase.go:462.2,467.17 4 1
github.com/Azmi117/API-MONEY-SAVER.git/internal/usecase/transaction_usecase.go:467.17,469.3 1 1
github.com/Azmi117/API-MONEY-SAVER.git/internal/usecase/transaction_usecase.go:471.2,471.19 1 1
github.com/Azmi117/API-MONEY-SAVER.git/internal/usecase/transaction_usecase.go:471.19,472.20 1 1
github.com/Azmi117/API-MONEY-SAVER.git/internal/usecase/transaction_usecase.go:472.20,474.4 1 1
github.com/Azmi117/API-MONEY-SAVER.git/internal/usecase/transaction_usecase.go:478.2,478.19 1 1
github.com/Azmi117/API-MONEY-SAVER.git/internal/usecase/transaction_usecase.go:478.19,480.19 2 1
github.com/Azmi117/API-MONEY-SAVER.git/internal/usecase/transaction_usecase.go:480.19,480.72 1 1
github.com/Azmi117/API-MONEY-SAVER.git/internal/usecase/transaction_usecase.go:481.3,481.19 1 1
github.com/Azmi117/API-MONEY-SAVER.git/internal/usecase/transaction_usecase.go:481.19,481.73 1 1
github.com/Azmi117/API-MONEY-SAVER.git/internal/usecase/transaction_usecase.go:482.3,482.19 1 1
github.com/Azmi117/API-MONEY-SAVER.git/internal/usecase/transaction_usecase.go:482.19,482.69 1 1
github.com/Azmi117/API-MONEY-SAVER.git/internal/usecase/transaction_usecase.go:483.3,483.19 1 1
github.com/Azmi117/API-MONEY-SAVER.git/internal/usecase/transaction_usecase.go:483.19,483.96 1 1
github.com/Azmi117/API-MONEY-SAVER.git/internal/usecase/transaction_usecase.go:486.2,486.34 1 1
github.com/Azmi117/API-MONEY-SAVER.git/internal/usecase/transaction_usecase.go:486.34,487.19 1 1
github.com/Azmi117/API-MONEY-SAVER.git/internal/usecase/transaction_usecase.go:487.19,489.20 2 1
github.com/Azmi117/API-MONEY-SAVER.git/internal/usecase/transaction_usecase.go:489.20,489.82 1 1
github.com/Azmi117/API-MONEY-SAVER.git/internal/usecase/transaction_usecase.go:490.4,490.20 1 1
github.com/Azmi117/API-MONEY-SAVER.git/internal/usecase/transaction_usecase.go:490.20,490.65 1 1
github.com/Azmi117/API-MONEY-SAVER.git/internal/usecase/transaction_usecase.go:492.4,493.20 2 1
github.com/Azmi117/API-MONEY-SAVER.git/internal/usecase/transaction_usecase.go:493.20,493.67 1 1
github.com/Azmi117/API-MONEY-SAVER.git/internal/usecase/transaction_usecase.go:495.4,495.20 1 1
github.com/Azmi117/API-MONEY-SAVER.git/internal/usecase/transaction_usecase.go:495.20,495.105 1 1
github.com/Azmi117/API-MONEY-SAVER.git/internal/usecase/transaction_usecase.go:499.2,500.16 2 1
github.com/Azmi117/API-MONEY-SAVER.git/internal/usecase/transaction_usecase.go:500.16,502.3 1 0
github.com/Azmi117/API-MONEY-SAVER.git/internal/usecase/transaction_usecase.go:504.2,504.21 1 1
github.com/Azmi117/API-MONEY-SAVER.git/internal/usecase/transaction_usecase.go:509.46,510.24 1 1
github.com/Azmi117/API-MONEY-SAVER.git/internal/usecase/transaction_usecase.go:510.24,512.3 1 1
github.com/Azmi117/API-MONEY-SAVER.git/internal/usecase/transaction_usecase.go:513.2,513.49 1 1
github.com/Azmi117/API-MONEY-SAVER.git/internal/usecase/workspace_usecase.go:37.174,44.2 1 1
github.com/Azmi117/API-MONEY-SAVER.git/internal/usecase/workspace_usecase.go:46.67,48.16 2 1
github.com/Azmi117/API-MONEY-SAVER.git/internal/usecase/workspace_usecase.go:48.16,50.3 1 1
github.com/Azmi117/API-MONEY-SAVER.git/internal/usecase/workspace_usecase.go:52.2,55.46 3 1
github.com/Azmi117/API-MONEY-SAVER.git/internal/usecase/workspace_usecase.go:55.46,57.3 1 1
github.com/Azmi117/API-MONEY-SAVER.git/internal/usecase/workspace_usecase.go:58.2,58.46 1 1
github.com/Azmi117/API-MONEY-SAVER.git/internal/usecase/workspace_usecase.go:58.46,60.3 1 1
github.com/Azmi117/API-MONEY-SAVER.git/internal/usecase/workspace_usecase.go:62.2,62.12 1 1
github.com/Azmi117/API-MONEY-SAVER.git/internal/usecase/workspace_usecase.go:66.120,68.55 1 1
github.com/Azmi117/API-MONEY-SAVER.git/internal/usecase/workspace_usecase.go:68.55,70.3 1 1
github.com/Azmi117/API-MONEY-SAVER.git/internal/usecase/workspace_usecase.go:73.2,73.25 1 1
github.com/Azmi117/API-MONEY-SAVER.git/internal/usecase/workspace_usecase.go:73.25,75.3 1 1
github.com/Azmi117/API-MONEY-SAVER.git/internal/usecase/workspace_usecase.go:76.2,76.62 1 1
github.com/Azmi117/API-MONEY-SAVER.git/internal/usecase/workspace_usecase.go:76.62,78.3 1 1
github.com/Azmi117/API-MONEY-SAVER.git/internal/usecase/workspace_usecase.go:81.2,87.58 2 1
github.com/Azmi117/API-MONEY-SAVER.git/internal/usecase/workspace_usecase.go:87.58,89.3 1 1
github.com/Azmi117/API-MONEY-SAVER.git/internal/usecase/workspace_usecase.go:91.2,93.23 2 1
github.com/Azmi117/API-MONEY-SAVER.git/internal/usecase/workspace_usecase.go:96.61,105.31 2 1
github.com/Azmi117/API-MONEY-SAVER.git/internal/usecase/workspace_usecase.go:105.31,107.3 1 1
github.com/Azmi117/API-MONEY-SAVER.git/internal/usecase/workspace_usecase.go:111.87,113.16 2 1
github.com/Azmi117/API-MONEY-SAVER.git/internal/usecase/workspace_usecase.go:113.16,115.3 1 1
github.com/Azmi117/API-MONEY-SAVER.git/internal/usecase/workspace_usecase.go:116.2,116.24 1 1
github.com/Azmi117/API-MONEY-SAVER.git/internal/usecase/workspace_usecase.go:119.97,121.16 2 1
github.com/Azmi117/API-MONEY-SAVER.git/internal/usecase/workspace_usecase.go:121.16,123.3 1 1
github.com/Azmi117/API-MONEY-SAVER.git/internal/usecase/workspace_usecase.go:124.2,124.26 1 1
github.com/Azmi117/API-MONEY-SAVER.git/internal/usecase/workspace_usecase.go:124.26,126.3 1 1
github.com/Azmi117/API-MONEY-SAVER.git/internal/usecase/workspace_usecase.go:127.2,128.35 2 1
github.com/Azmi117/API-MONEY-SAVER.git/internal/usecase/workspace_usecase.go:131.81,133.16 2 1
github.com/Azmi117/API-MONEY-SAVER.git/internal/usecase/workspace_usecase.go:133.16,135.3 1 1
github.com/Azmi117/API-MONEY-SAVER.git/internal/usecase/workspace_usecase.go:136.2,136.26 1 1
github.com/Azmi117/API-MONEY-SAVER.git/internal/usecase/workspace_usecase.go:136.26,138.3 1 1
github.com/Azmi117/API-MONEY-SAVER.git/internal/usecase/workspace_usecase.go:139.2,139.44 1 1
github.com/Azmi117/API-MONEY-SAVER.git/internal/usecase/workspace_usecase.go:143.93,145.16 2 1
github.com/Azmi117/API-MONEY-SAVER.git/internal/usecase/workspace_usecase.go:145.16,147.3 1 1
github.com/Azmi117/API-MONEY-SAVER.git/internal/usecase/workspace_usecase.go:149.2,149.31 1 1
github.com/Azmi117/API-MONEY-SAVER.git/internal/usecase/workspace_usecase.go:149.31,151.3 1 1
github.com/Azmi117/API-MONEY-SAVER.git/internal/usecase/workspace_usecase.go:153.2,154.27 2 1
github.com/Azmi117/API-MONEY-SAVER.git/internal/usecase/workspace_usecase.go:154.27,156.3 1 1
github.com/Azmi117/API-MONEY-SAVER.git/internal/usecase/workspace_usecase.go:158.2,160.55 3 1
github.com/Azmi117/API-MONEY-SAVER.git/internal/usecase/workspace_usecase.go:160.55,162.3 1 1
github.com/Azmi117/API-MONEY-SAVER.git/internal/usecase/workspace_usecase.go:164.2,165.21 2 1
github.com/Azmi117/API-MONEY-SAVER.git/internal/usecase/workspace_usecase.go:165.21,167.3 1 1
github.com/Azmi117/API-MONEY-SAVER.git/internal/usecase/workspace_usecase.go:169.2,176.69 2 1
github.com/Azmi117/API-MONEY-SAVER.git/internal/usecase/workspace_usecase.go:176.69,178.3 1 1
github.com/Azmi117/API-MONEY-SAVER.git/internal/usecase/workspace_usecase.go:180.2,180.12 1 1
github.com/Azmi117/API-MONEY-SAVER.git/internal/usecase/workspace_usecase.go:183.101,185.16 2 1
github.com/Azmi117/API-MONEY-SAVER.git/internal/usecase/workspace_usecase.go:185.16,187.3 1 1
github.com/Azmi117/API-MONEY-SAVER.git/internal/usecase/workspace_usecase.go:188.2,188.25 1 1
github.com/Azmi117/API-MONEY-SAVER.git/internal/usecase/workspace_usecase.go:191.83,193.43 2 1
github.com/Azmi117/API-MONEY-SAVER.git/internal/usecase/workspace_usecase.go:193.43,195.3 1 1
github.com/Azmi117/API-MONEY-SAVER.git/internal/usecase/workspace_usecase.go:196.2,196.29 1 1
github.com/Azmi117/API-MONEY-SAVER.git/internal/usecase/workspace_usecase.go:196.29,198.3 1 1
github.com/Azmi117/API-MONEY-SAVER.git/internal/usecase/workspace_usecase.go:200.2,200.46 1 1
github.com/Azmi117/API-MONEY-SAVER.git/internal/usecase/workspace_usecase.go:203.83,205.43 2 1
github.com/Azmi117/API-MONEY-SAVER.git/internal/usecase/workspace_usecase.go:205.43,207.3 1 1
github.com/Azmi117/API-MONEY-SAVER.git/internal/usecase/workspace_usecase.go:208.2,208.29 1 1
github.com/Azmi117/API-MONEY-SAVER.git/internal/usecase/workspace_usecase.go:208.29,210.3 1 1
github.com/Azmi117/API-MONEY-SAVER.git/internal/usecase/workspace_usecase.go:212.2,213.52 2 1
github.com/Azmi117/API-MONEY-SAVER.git/internal/usecase/workspace_usecase.go:217.75,219.2 1 1
github.com/Azmi117/API-MONEY-SAVER.git/internal/usecase/workspace_usecase.go:221.116,223.31 2 1
github.com/Azmi117/API-MONEY-SAVER.git/internal/usecase/workspace_usecase.go:223.31,225.3 1 1
github.com/Azmi117/API-MONEY-SAVER.git/internal/usecase/workspace_usecase.go:227.2,228.16 2 1
github.com/Azmi117/API-MONEY-SAVER.git/internal/usecase/workspace_usecase.go:228.16,230.3 1 1
github.com/Azmi117/API-MONEY-SAVER.git/internal/usecase/workspace_usecase.go:232.2,232.70 1 1
github.com/Azmi117/API-MONEY-SAVER.git/internal/usecase/workspace_usecase.go:235.87,237.31 2 1
github.com/Azmi117/API-MONEY-SAVER.git/internal/usecase/workspace_usecase.go:237.31,239.3 1 1
github.com/Azmi117/API-MONEY-SAVER.git/internal/usecase/workspace_usecase.go:241.2,242.16 2 1
github.com/Azmi117/API-MONEY-SAVER.git/internal/usecase/workspace_usecase.go:242.16,244.3 1 1
github.com/Azmi117/API-MONEY-SAVER.git/internal/usecase/workspace_usecase.go:246.2,246.26 1 1
github.com/Azmi117/API-MONEY-SAVER.git/internal/usecase/workspace_usecase.go:246.26,248.3 1 1
github.com/Azmi117/API-MONEY-SAVER.git/internal/usecase/workspace_usecase.go:250.2,252.32 3 1
github.com/Azmi117/API-MONEY-SAVER.git/internal/usecase/workspace_usecase.go:252.32,254.3 1 1
github.com/Azmi117/API-MONEY-SAVER.git/internal/usecase/workspace_usecase.go:255.2,257.25 2 1
github.com/Azmi117/API-MONEY-SAVER.git/internal/usecase/workspace_usecase.go:260.160,262.31 2 1
github.com/Azmi117/API-MONEY-SAVER.git/internal/usecase/workspace_usecase.go:262.31,264.3 1 1
github.com/Azmi117/API-MONEY-SAVER.git/internal/usecase/workspace_usecase.go:267.2,267.55 1 1
github.com/Azmi117/API-MONEY-SAVER.git/internal/usecase/workspace_usecase.go:267.55,269.3 1 1
github.com/Azmi117/API-MONEY-SAVER.git/internal/usecase/workspace_usecase.go:271.2,278.58 2 1
github.com/Azmi117/API-MONEY-SAVER.git/internal/usecase/workspace_usecase.go:278.58,280.3 1 1
github.com/Azmi117/API-MONEY-SAVER.git/internal/usecase/workspace_usecase.go:283.2,285.23 2 1
github.com/Azmi117/API-MONEY-SAVER.git/internal/usecase/workspace_usecase.go:288.91,290.2 1 1
github.com/Azmi117/API-MONEY-SAVER.git/internal/usecase/workspace_usecase.go:292.108,294.16 2 1
github.com/Azmi117/API-MONEY-SAVER.git/internal/usecase/workspace_usecase.go:294.16,296.3 1 1
github.com/Azmi117/API-MONEY-SAVER.git/internal/usecase/workspace_usecase.go:299.2,300.16 2 1
github.com/Azmi117/API-MONEY-SAVER.git/internal/usecase/workspace_usecase.go:300.16,302.3 1 1
github.com/Azmi117/API-MONEY-SAVER.git/internal/usecase/workspace_usecase.go:304.2,312.8 1 1
